#options: 1280x720 fps=24/1 timebase=1/24 bitdepth=8 cabac=1 ref=1 deblock=1:0:0 analyse=0x1:0 me=dia subme=2 psy=1 psy_rd=1.00:0.00 mixed_ref=0 me_range=16 chroma_me=1 trellis=0 8x8dct=0 cqm=0 deadzone=21,11 fast_pskip=1 chroma_qp_offset=0 threads=22 lookahead_threads=5 sliced_threads=0 nr=0 decimate=1 interlaced=0 bluray_compat=0 constrained_intra=0 bframes=3 b_pyramid=2 b_adapt=1 b_bias=0 direct=1 weightb=1 open_gop=0 weightp=2 keyint=250 keyint_min=24 scenecut=40 intra_refresh=0 rc_lookahead=40 rc=abr mbtree=1 bitrate=365 ratetol=1.0 qcomp=0.60 qpmin=0 qpmax=69 qpstep=4 ip_ratio=1.40 aq=1:1.00
in:0 out:0 type:I dur:2 cpbdur:2 q:41.99 aq:24.31 tex:10242 mv:9992 misc:6038 imb:3600 pmb:0 smb:0 d:- ref:;
in:4 out:1 type:P dur:2 cpbdur:2 q:42.61 aq:29.39 tex:221 mv:64 misc:331 imb:2 pmb:11 smb:3587 d:- ref:0 ;
in:2 out:2 type:B dur:2 cpbdur:2 q:42.61 aq:32.00 tex:0 mv:0 misc:224 imb:0 pmb:0 smb:3600 d:- ref:0 ;
in:1 out:3 type:b dur:2 cpbdur:2 q:42.61 aq:34.00 tex:0 mv:0 misc:224 imb:0 pmb:0 smb:3600 d:- ref:0 ;
in:3 out:4 type:b dur:2 cpbdur:2 q:42.61 aq:34.00 tex:0 mv:0 misc:224 imb:0 pmb:0 smb:3600 d:- ref:0 ;
in:8 out:5 type:P dur:2 cpbdur:2 q:42.07 aq:28.87 tex:914 mv:201 misc:309 imb:18 pmb:27 smb:3555 d:- ref:0 ;
in:6 out:6 type:B dur:2 cpbdur:2 q:42.34 aq:31.00 tex:0 mv:0 misc:232 imb:0 pmb:0 smb:3600 d:- ref:0 ;
in:5 out:7 type:b dur:2 cpbdur:2 q:42.47 aq:33.00 tex:0 mv:0 misc:216 imb:0 pmb:0 smb:3600 d:- ref:0 ;
in:7 out:8 type:b dur:2 cpbdur:2 q:42.20 aq:33.00 tex:0 mv:0 misc:216 imb:0 pmb:0 smb:3600 d:- ref:0 ;
in:12 out:9 type:P dur:2 cpbdur:2 q:41.43 aq:28.38 tex:1188 mv:192 misc:332 imb:13 pmb:28 smb:3559 d:- ref:0 ;
in:10 out:10 type:B dur:2 cpbdur:2 q:41.75 aq:31.00 tex:0 mv:0 misc:232 imb:0 pmb:0 smb:3600 d:- ref:0 ;
in:9 out:11 type:b dur:2 cpbdur:2 q:41.91 aq:33.00 tex:0 mv:0 misc:216 imb:0 pmb:0 smb:3600 d:- ref:0 ;
in:11 out:12 type:b dur:2 cpbdur:2 q:41.59 aq:33.00 tex:0 mv:0 misc:216 imb:0 pmb:0 smb:3600 d:- ref:0 ;
in:16 out:13 type:P dur:2 cpbdur:2 q:40.76 aq:27.73 tex:1149 mv:242 misc:465 imb:14 pmb:44 smb:3542 d:- ref:0 w:6,65,-1 ;
in:14 out:14 type:B dur:2 cpbdur:2 q:41.09 aq:30.00 tex:0 mv:0 misc:232 imb:0 pmb:0 smb:3600 d:- ref:0 ;
in:13 out:15 type:b dur:2 cpbdur:2 q:41.26 aq:32.00 tex:0 mv:0 misc:216 imb:0 pmb:0 smb:3600 d:- ref:0 ;
in:15 out:16 type:b dur:2 cpbdur:2 q:40.92 aq:32.00 tex:0 mv:0 misc:216 imb:0 pmb:0 smb:3600 d:- ref:0 ;
in:20 out:17 type:P dur:2 cpbdur:2 q:40.07 aq:26.34 tex:1920 mv:429 misc:715 imb:38 pmb:63 smb:3499 d:- ref:0 w:6,65,-1 ;
in:18 out:18 type:B dur:2 cpbdur:2 q:40.41 aq:29.00 tex:0 mv:0 misc:232 imb:0 pmb:0 smb:3600 d:- ref:0 ;
in:17 out:19 type:b dur:2 cpbdur:2 q:40.59 aq:31.00 tex:0 mv:0 misc:216 imb:0 pmb:0 smb:3600 d:- ref:0 ;
in:19 out:20 type:b dur:2 cpbdur:2 q:40.24 aq:31.00 tex:0 mv:0 misc:216 imb:0 pmb:0 smb:3600 d:- ref:0 ;
in:24 out:21 type:P dur:2 cpbdur:2 q:39.30 aq:25.46 tex:1886 mv:306 misc:480 imb:22 pmb:43 smb:3535 d:- ref:0 w:6,65,-1 ;
in:22 out:22 type:B dur:2 cpbdur:2 q:39.69 aq:29.00 tex:0 mv:0 misc:232 imb:0 pmb:0 smb:3600 d:- ref:0 ;
in:21 out:23 type:b dur:2 cpbdur:2 q:39.88 aq:31.00 tex:0 mv:0 misc:216 imb:0 pmb:0 smb:3600 d:- ref:0 ;
in:23 out:24 type:b dur:2 cpbdur:2 q:39.49 aq:30.00 tex:0 mv:0 misc:216 imb:0 pmb:0 smb:3600 d:- ref:0 ;
in:28 out:25 type:P dur:2 cpbdur:2 q:32.64 aq:15.31 tex:22981 mv:13791 misc:3644 imb:962 pmb:1039 smb:1599 d:- ref:0 w:6,65,-1 ;
in:26 out:26 type:B dur:2 cpbdur:2 q:35.97 aq:24.57 tex:15 mv:5 misc:244 imb:0 pmb:1 smb:3599 d:- ref:0 ;
in:25 out:27 type:b dur:2 cpbdur:2 q:37.63 aq:29.00 tex:0 mv:0 misc:216 imb:0 pmb:0 smb:3600 d:- ref:0 ;
in:27 out:28 type:b dur:2 cpbdur:2 q:34.30 aq:25.00 tex:0 mv:0 misc:216 imb:0 pmb:0 smb:3600 d:- ref:0 ;
in:32 out:29 type:P dur:2 cpbdur:2 q:27.46 aq:10.12 tex:102494 mv:15145 misc:2009 imb:982 pmb:2236 smb:382 d:- ref:0 w:6,65,-1 ;
in:30 out:30 type:B dur:2 cpbdur:2 q:30.05 aq:19.02 tex:450 mv:223 misc:959 imb:0 pmb:124 smb:3476 d:- ref:0 ;
in:29 out:31 type:b dur:2 cpbdur:2 q:31.34 aq:22.00 tex:0 mv:0 misc:216 imb:0 pmb:0 smb:3600 d:- ref:0 ;
in:31 out:32 type:b dur:2 cpbdur:2 q:28.75 aq:20.00 tex:26 mv:8 misc:246 imb:0 pmb:3 smb:3597 d:- ref:0 ;
in:36 out:33 type:P dur:2 cpbdur:2 q:24.37 aq:7.03 tex:178902 mv:7194 misc:1592 imb:241 pmb:3125 smb:234 d:- ref:0 w:6,65,-1 ;
in:34 out:34 type:B dur:2 cpbdur:2 q:25.92 aq:19.17 tex:147 mv:152 misc:629 imb:0 pmb:61 smb:3539 d:- ref:0 ;
in:33 out:35 type:b dur:2 cpbdur:2 q:26.69 aq:18.00 tex:78 mv:64 misc:378 imb:0 pmb:21 smb:3579 d:- ref:0 ;
in:35 out:36 type:b dur:2 cpbdur:2 q:25.14 aq:16.00 tex:34 mv:70 misc:400 imb:0 pmb:24 smb:3576 d:- ref:0 ;
in:40 out:37 type:P dur:2 cpbdur:2 q:22.35 aq:4.90 tex:216871 mv:3935 misc:2034 imb:58 pmb:3148 smb:394 d:- ref:0 w:6,65,-1 ;
in:38 out:38 type:B dur:2 cpbdur:2 q:23.36 aq:12.00 tex:576 mv:287 misc:1337 imb:0 pmb:210 smb:3390 d:- ref:0 ;
in:37 out:39 type:b dur:2 cpbdur:2 q:23.87 aq:15.00 tex:6 mv:18 misc:264 imb:0 pmb:4 smb:3596 d:- ref:0 ;
in:39 out:40 type:b dur:2 cpbdur:2 q:22.85 aq:14.00 tex:1 mv:6 misc:241 imb:0 pmb:1 smb:3599 d:- ref:0 ;
in:44 out:41 type:P dur:2 cpbdur:2 q:21.09 aq:3.66 tex:230186 mv:1949 misc:2553 imb:24 pmb:2926 smb:650 d:- ref:0 w:6,65,-1 ;
in:42 out:42 type:B dur:2 cpbdur:2 q:21.72 aq:11.39 tex:318 mv:143 misc:755 imb:0 pmb:87 smb:3513 d:- ref:0 ;
in:41 out:43 type:b dur:2 cpbdur:2 q:22.03 aq:12.66 tex:84 mv:67 misc:377 imb:0 pmb:20 smb:3580 d:- ref:0 ;
in:43 out:44 type:b dur:2 cpbdur:2 q:21.40 aq:12.04 tex:69 mv:13 misc:262 imb:0 pmb:3 smb:3597 d:- ref:0 ;
in:48 out:45 type:P dur:2 cpbdur:2 q:20.04 aq:2.58 tex:180349 mv:1407 misc:3092 imb:17 pmb:2709 smb:874 d:- ref:0 w:6,65,-1 ;
in:46 out:46 type:B dur:2 cpbdur:2 q:20.56 aq:8.86 tex:158 mv:78 misc:412 imb:0 pmb:23 smb:3577 d:- ref:0 ;
in:45 out:47 type:b dur:2 cpbdur:2 q:20.83 aq:12.00 tex:32 mv:32 misc:296 imb:0 pmb:7 smb:3593 d:- ref:0 ;
in:47 out:48 type:b dur:2 cpbdur:2 q:20.30 aq:11.00 tex:44 mv:25 misc:283 imb:0 pmb:6 smb:3594 d:- ref:0 ;
in:52 out:49 type:P dur:2 cpbdur:2 q:21.33 aq:4.08 tex:37466 mv:528 misc:3446 imb:6 pmb:1113 smb:2481 d:- ref:0 w:6,65,-1 ;
in:50 out:50 type:B dur:2 cpbdur:2 q:20.68 aq:10.87 tex:167 mv:37 misc:332 imb:0 pmb:10 smb:3590 d:- ref:0 ;
in:49 out:51 type:b dur:2 cpbdur:2 q:20.36 aq:11.86 tex:72 mv:36 misc:300 imb:0 pmb:8 smb:3592 d:- ref:0 ;
in:51 out:52 type:b dur:2 cpbdur:2 q:21.01 aq:12.00 tex:40 mv:6 misc:258 imb:0 pmb:3 smb:3597 d:- ref:0 ;
in:56 out:53 type:P dur:2 cpbdur:2 q:24.93 aq:11.50 tex:3933 mv:159 misc:540 imb:4 pmb:70 smb:3526 d:- ref:0 w:6,65,-1 ;
in:54 out:54 type:B dur:2 cpbdur:2 q:23.13 aq:12.00 tex:27 mv:4 misc:265 imb:0 pmb:2 smb:3598 d:- ref:0 ;
in:53 out:55 type:b dur:2 cpbdur:2 q:22.23 aq:13.00 tex:0 mv:0 misc:232 imb:0 pmb:0 smb:3600 d:- ref:0 ;
in:55 out:56 type:b dur:2 cpbdur:2 q:24.03 aq:15.00 tex:0 mv:0 misc:232 imb:0 pmb:0 smb:3600 d:- ref:0 ;
in:60 out:57 type:P dur:2 cpbdur:2 q:28.08 aq:15.94 tex:1917 mv:119 misc:380 imb:1 pmb:50 smb:3549 d:- ref:0 w:6,65,-1 ;
in:58 out:58 type:B dur:2 cpbdur:2 q:26.51 aq:16.00 tex:0 mv:0 misc:248 imb:0 pmb:0 smb:3600 d:- ref:0 ;
in:57 out:59 type:b dur:2 cpbdur:2 q:25.72 aq:17.00 tex:0 mv:0 misc:232 imb:0 pmb:0 smb:3600 d:- ref:0 ;
in:59 out:60 type:b dur:2 cpbdur:2 q:27.29 aq:18.00 tex:0 mv:0 misc:232 imb:0 pmb:0 smb:3600 d:- ref:0 ;
in:64 out:61 type:P dur:2 cpbdur:2 q:30.39 aq:17.86 tex:1096 mv:94 misc:346 imb:2 pmb:26 smb:3572 d:- ref:0 w:6,65,-1 ;
in:62 out:62 type:B dur:2 cpbdur:2 q:29.24 aq:18.00 tex:0 mv:0 misc:248 imb:0 pmb:0 smb:3600 d:- ref:0 ;
in:61 out:63 type:b dur:2 cpbdur:2 q:28.66 aq:20.00 tex:0 mv:0 misc:224 imb:0 pmb:0 smb:3600 d:- ref:0 ;
in:63 out:64 type:b dur:2 cpbdur:2 q:29.81 aq:21.00 tex:0 mv:0 misc:224 imb:0 pmb:0 smb:3600 d:- ref:0 ;
in:68 out:65 type:P dur:2 cpbdur:2 q:32.00 aq:14.00 tex:0 mv:0 misc:256 imb:0 pmb:0 smb:3600 d:- ref:0 ;
in:66 out:66 type:B dur:2 cpbdur:2 q:31.20 aq:20.00 tex:0 mv:0 misc:240 imb:0 pmb:0 smb:3600 d:- ref:0 ;
in:65 out:67 type:b dur:2 cpbdur:2 q:30.79 aq:22.00 tex:0 mv:0 misc:216 imb:0 pmb:0 smb:3600 d:- ref:0 ;
in:67 out:68 type:b dur:2 cpbdur:2 q:31.60 aq:22.00 tex:0 mv:0 misc:216 imb:0 pmb:0 smb:3600 d:- ref:0 ;
in:72 out:69 type:P dur:2 cpbdur:2 q:32.68 aq:15.00 tex:0 mv:0 misc:256 imb:0 pmb:0 smb:3600 d:- ref:0 ;
in:70 out:70 type:B dur:2 cpbdur:2 q:32.34 aq:21.00 tex:0 mv:0 misc:240 imb:0 pmb:0 smb:3600 d:- ref:0 ;
in:69 out:71 type:b dur:2 cpbdur:2 q:32.17 aq:23.00 tex:0 mv:0 misc:216 imb:0 pmb:0 smb:3600 d:- ref:0 ;
in:71 out:72 type:b dur:2 cpbdur:2 q:32.51 aq:23.00 tex:0 mv:0 misc:216 imb:0 pmb:0 smb:3600 d:- ref:0 ;
in:76 out:73 type:P dur:2 cpbdur:2 q:31.67 aq:16.74 tex:12435 mv:958 misc:335 imb:27 pmb:49 smb:3524 d:- ref:0 ;
in:74 out:74 type:B dur:2 cpbdur:2 q:32.17 aq:21.00 tex:11 mv:65 misc:372 imb:0 pmb:39 smb:3561 d:- ref:0 ;
in:73 out:75 type:b dur:2 cpbdur:2 q:32.42 aq:23.00 tex:0 mv:0 misc:216 imb:0 pmb:0 smb:3600 d:- ref:0 ;
in:75 out:76 type:b dur:2 cpbdur:2 q:31.92 aq:23.00 tex:10 mv:60 misc:346 imb:0 pmb:38 smb:3562 d:- ref:0 ;
in:80 out:77 type:P dur:2 cpbdur:2 q:30.31 aq:15.94 tex:6915 mv:651 misc:370 imb:9 pmb:62 smb:3529 d:- ref:0 ;
in:78 out:78 type:B dur:2 cpbdur:2 q:30.99 aq:25.71 tex:764 mv:459 misc:329 imb:0 pmb:41 smb:3559 d:- ref:0 ;
in:77 out:79 type:b dur:2 cpbdur:2 q:31.33 aq:22.00 tex:10 mv:150 misc:336 imb:0 pmb:33 smb:3567 d:- ref:0 ;
in:79 out:80 type:b dur:2 cpbdur:2 q:30.65 aq:24.38 tex:46 mv:80 misc:346 imb:0 pmb:29 smb:3571 d:- ref:0 ;
in:84 out:81 type:P dur:2 cpbdur:2 q:28.97 aq:14.03 tex:7696 mv:653 misc:395 imb:8 pmb:72 smb:3520 d:- ref:0 ;
in:82 out:82 type:B dur:2 cpbdur:2 q:29.64 aq:24.59 tex:542 mv:447 misc:331 imb:0 pmb:37 smb:3563 d:- ref:0 ;
in:81 out:83 type:b dur:2 cpbdur:2 q:29.97 aq:25.69 tex:390 mv:380 misc:310 imb:1 pmb:31 smb:3568 d:- ref:0 ;
in:83 out:84 type:b dur:2 cpbdur:2 q:29.30 aq:20.00 tex:13 mv:65 misc:330 imb:0 pmb:29 smb:3571 d:- ref:0 ;
in:88 out:85 type:P dur:2 cpbdur:2 q:27.75 aq:12.60 tex:9317 mv:766 misc:381 imb:8 pmb:80 smb:3512 d:- ref:0 ;
in:86 out:86 type:B dur:2 cpbdur:2 q:28.36 aq:22.79 tex:1421 mv:646 misc:341 imb:0 pmb:50 smb:3550 d:- ref:0 ;
in:85 out:87 type:b dur:2 cpbdur:2 q:28.67 aq:24.60 tex:524 mv:447 misc:333 imb:0 pmb:37 smb:3563 d:- ref:0 ;
in:87 out:88 type:b dur:2 cpbdur:2 q:28.06 aq:24.77 tex:888 mv:433 misc:335 imb:0 pmb:41 smb:3559 d:- ref:0 ;
in:92 out:89 type:P dur:2 cpbdur:2 q:26.63 aq:11.96 tex:9529 mv:664 misc:383 imb:7 pmb:72 smb:3521 d:- ref:0 ;
in:90 out:90 type:B dur:2 cpbdur:2 q:27.19 aq:22.32 tex:2119 mv:554 misc:335 imb:0 pmb:50 smb:3550 d:- ref:0 ;
in:89 out:91 type:b dur:2 cpbdur:2 q:27.47 aq:18.00 tex:13 mv:74 misc:361 imb:0 pmb:36 smb:3564 d:- ref:0 ;
in:91 out:92 type:b dur:2 cpbdur:2 q:26.91 aq:22.26 tex:97 mv:90 misc:349 imb:0 pmb:35 smb:3565 d:- ref:0 ;
in:96 out:93 type:P dur:2 cpbdur:2 q:25.63 aq:10.91 tex:11305 mv:726 misc:417 imb:1 pmb:90 smb:3509 d:- ref:0 ;
in:94 out:94 type:B dur:2 cpbdur:2 q:26.13 aq:20.99 tex:1782 mv:585 misc:329 imb:0 pmb:50 smb:3550 d:- ref:0 ;
in:93 out:95 type:b dur:2 cpbdur:2 q:26.38 aq:23.04 tex:1286 mv:526 misc:308 imb:0 pmb:46 smb:3554 d:- ref:0 ;
in:95 out:96 type:b dur:2 cpbdur:2 q:25.88 aq:17.00 tex:19 mv:67 misc:370 imb:0 pmb:36 smb:3564 d:- ref:0 ;
in:100 out:97 type:P dur:2 cpbdur:2 q:24.99 aq:11.15 tex:12941 mv:698 misc:425 imb:2 pmb:81 smb:3517 d:- ref:0 ;
in:98 out:98 type:B dur:2 cpbdur:2 q:25.31 aq:20.16 tex:2860 mv:900 misc:320 imb:0 pmb:63 smb:3537 d:- ref:0 ;
in:97 out:99 type:b dur:2 cpbdur:2 q:25.47 aq:22.33 tex:1453 mv:526 misc:341 imb:0 pmb:43 smb:3557 d:- ref:0 ;
in:99 out:100 type:b dur:2 cpbdur:2 q:25.15 aq:21.50 tex:1989 mv:533 misc:326 imb:0 pmb:53 smb:3547 d:- ref:0 ;
in:104 out:101 type:P dur:2 cpbdur:2 q:24.38 aq:11.10 tex:12275 mv:735 misc:470 imb:5 pmb:90 smb:3505 d:- ref:0 ;
in:102 out:102 type:B dur:2 cpbdur:2 q:24.69 aq:19.85 tex:3093 mv:623 misc:348 imb:0 pmb:58 smb:3542 d:- ref:0 ;
in:101 out:103 type:b dur:2 cpbdur:2 q:24.84 aq:16.00 tex:18 mv:79 misc:367 imb:0 pmb:39 smb:3561 d:- ref:0 ;
in:103 out:104 type:b dur:2 cpbdur:2 q:24.53 aq:16.00 tex:17 mv:112 misc:375 imb:0 pmb:41 smb:3559 d:- ref:0 ;
in:108 out:105 type:P dur:2 cpbdur:2 q:23.83 aq:8.82 tex:14247 mv:748 misc:637 imb:4 pmb:115 smb:3481 d:- ref:0 ;
in:106 out:106 type:B dur:2 cpbdur:2 q:24.11 aq:19.72 tex:2920 mv:697 misc:367 imb:0 pmb:62 smb:3538 d:- ref:0 ;
in:105 out:107 type:b dur:2 cpbdur:2 q:24.24 aq:20.90 tex:2302 mv:631 misc:355 imb:0 pmb:58 smb:3542 d:- ref:0 ;
in:107 out:108 type:b dur:2 cpbdur:2 q:23.97 aq:15.00 tex:18 mv:72 misc:366 imb:0 pmb:38 smb:3562 d:- ref:0 ;
in:112 out:109 type:P dur:2 cpbdur:2 q:23.37 aq:7.80 tex:24729 mv:1025 misc:686 imb:10 pmb:134 smb:3456 d:- ref:0 ;
in:110 out:110 type:B dur:2 cpbdur:2 q:23.60 aq:19.29 tex:4914 mv:882 misc:324 imb:0 pmb:76 smb:3524 d:- ref:0 ;
in:109 out:111 type:b dur:2 cpbdur:2 q:23.72 aq:21.03 tex:2531 mv:571 misc:362 imb:0 pmb:52 smb:3548 d:- ref:0 ;
in:111 out:112 type:b dur:2 cpbdur:2 q:23.49 aq:20.48 tex:4481 mv:1062 misc:313 imb:0 pmb:75 smb:3525 d:- ref:0 ;
in:116 out:113 type:P dur:2 cpbdur:2 q:23.00 aq:7.67 tex:21146 mv:910 misc:1304 imb:8 pmb:248 smb:3344 d:- ref:0 ;
in:114 out:114 type:B dur:2 cpbdur:2 q:23.19 aq:18.49 tex:5410 mv:877 misc:353 imb:2 pmb:68 smb:3530 d:- ref:0 ;
in:113 out:115 type:b dur:2 cpbdur:2 q:23.28 aq:14.00 tex:17 mv:124 misc:395 imb:1 pmb:45 smb:3554 d:- ref:0 ;
in:115 out:116 type:b dur:2 cpbdur:2 q:23.10 aq:15.55 tex:125 mv:118 misc:381 imb:0 pmb:45 smb:3555 d:- ref:0 ;
in:120 out:117 type:P dur:2 cpbdur:2 q:22.61 aq:6.32 tex:18818 mv:976 misc:1302 imb:5 pmb:251 smb:3344 d:- ref:0 ;
in:118 out:118 type:B dur:2 cpbdur:2 q:22.81 aq:19.05 tex:4813 mv:882 misc:337 imb:0 pmb:65 smb:3535 d:- ref:0 ;
in:117 out:119 type:b dur:2 cpbdur:2 q:22.90 aq:20.40 tex:3428 mv:829 misc:327 imb:0 pmb:63 smb:3537 d:- ref:0 ;
in:119 out:120 type:b dur:2 cpbdur:2 q:22.71 aq:14.00 tex:14 mv:81 misc:377 imb:0 pmb:44 smb:3556 d:- ref:0 ;
in:123 out:121 type:P dur:2 cpbdur:2 q:22.23 aq:5.96 tex:24024 mv:1090 misc:1430 imb:12 pmb:273 smb:3315 d:- ref:0 ;
in:121 out:122 type:B dur:2 cpbdur:2 q:22.48 aq:19.25 tex:4385 mv:937 misc:342 imb:0 pmb:72 smb:3528 d:- ref:0 ;
in:122 out:123 type:b dur:2 cpbdur:2 q:22.36 aq:19.92 tex:3739 mv:814 misc:351 imb:0 pmb:63 smb:3537 d:- ref:0 ;
in:127 out:124 type:P dur:2 cpbdur:2 q:22.07 aq:6.09 tex:21717 mv:963 misc:1488 imb:6 pmb:294 smb:3300 d:- ref:0 ;
in:125 out:125 type:B dur:2 cpbdur:2 q:22.15 aq:18.30 tex:6487 mv:886 misc:363 imb:0 pmb:67 smb:3533 d:- ref:0 ;
in:124 out:126 type:b dur:2 cpbdur:2 q:22.19 aq:17.45 tex:72 mv:93 misc:387 imb:0 pmb:45 smb:3555 d:- ref:0 ;
in:126 out:127 type:b dur:2 cpbdur:2 q:22.11 aq:13.00 tex:26 mv:77 misc:401 imb:0 pmb:48 smb:3552 d:- ref:0 ;
in:131 out:128 type:P dur:2 cpbdur:2 q:21.76 aq:5.10 tex:32615 mv:1164 misc:1925 imb:8 pmb:414 smb:3178 d:- ref:0 ;
in:129 out:129 type:B dur:2 cpbdur:2 q:21.92 aq:18.47 tex:5930 mv:1027 misc:411 imb:0 pmb:80 smb:3520 d:- ref:0 ;
in:128 out:130 type:b dur:2 cpbdur:2 q:21.99 aq:17.60 tex:4011 mv:868 misc:545 imb:2 pmb:83 smb:3515 d:- ref:0 ;
in:130 out:131 type:b dur:2 cpbdur:2 q:21.84 aq:20.17 tex:4003 mv:710 misc:343 imb:0 pmb:61 smb:3539 d:- ref:0 ;
in:135 out:132 type:P dur:2 cpbdur:2 q:21.72 aq:6.25 tex:25767 mv:1060 misc:1477 imb:7 pmb:292 smb:3301 d:- ref:0 ;
in:133 out:133 type:B dur:2 cpbdur:2 q:21.74 aq:18.55 tex:5268 mv:928 misc:348 imb:0 pmb:74 smb:3526 d:- ref:0 ;
in:132 out:134 type:b dur:2 cpbdur:2 q:21.75 aq:13.00 tex:23 mv:89 misc:384 imb:0 pmb:44 smb:3556 d:- ref:0 ;
in:134 out:135 type:b dur:2 cpbdur:2 q:21.73 aq:20.27 tex:3884 mv:833 misc:347 imb:0 pmb:66 smb:3534 d:- ref:0 ;
in:139 out:136 type:P dur:2 cpbdur:2 q:21.63 aq:5.80 tex:24916 mv:1042 misc:1442 imb:5 pmb:284 smb:3311 d:- ref:0 ;
in:137 out:137 type:B dur:2 cpbdur:2 q:21.68 aq:18.02 tex:6541 mv:1033 misc:362 imb:0 pmb:73 smb:3527 d:- ref:0 ;
in:136 out:138 type:b dur:2 cpbdur:2 q:21.70 aq:13.00 tex:22 mv:87 misc:395 imb:0 pmb:46 smb:3554 d:- ref:0 ;
in:138 out:139 type:b dur:2 cpbdur:2 q:21.65 aq:13.00 tex:29 mv:79 misc:412 imb:0 pmb:49 smb:3551 d:- ref:0 ;
in:142 out:140 type:P dur:2 cpbdur:2 q:21.42 aq:5.98 tex:28199 mv:976 misc:1585 imb:9 pmb:322 smb:3269 d:- ref:0 ;
in:140 out:141 type:B dur:2 cpbdur:2 q:21.56 aq:19.06 tex:4962 mv:1050 misc:372 imb:0 pmb:68 smb:3532 d:- ref:0 ;
in:141 out:142 type:b dur:2 cpbdur:2 q:21.49 aq:19.66 tex:4284 mv:857 misc:347 imb:0 pmb:68 smb:3532 d:- ref:0 ;
in:146 out:143 type:P dur:2 cpbdur:2 q:21.38 aq:6.39 tex:26176 mv:1025 misc:1511 imb:5 pmb:297 smb:3298 d:- ref:0 ;
in:144 out:144 type:B dur:2 cpbdur:2 q:21.40 aq:17.57 tex:7325 mv:971 misc:376 imb:0 pmb:79 smb:3521 d:- ref:0 ;
in:143 out:145 type:b dur:2 cpbdur:2 q:21.41 aq:12.00 tex:38 mv:84 misc:422 imb:0 pmb:48 smb:3552 d:- ref:0 ;
in:145 out:146 type:b dur:2 cpbdur:2 q:21.39 aq:19.84 tex:4349 mv:760 misc:363 imb:0 pmb:67 smb:3533 d:- ref:0 ;
in:150 out:147 type:P dur:2 cpbdur:2 q:21.12 aq:5.53 tex:34071 mv:1185 misc:1728 imb:8 pmb:358 smb:3234 d:- ref:0 ;
in:148 out:148 type:B dur:2 cpbdur:2 q:21.25 aq:17.28 tex:7829 mv:1163 misc:368 imb:0 pmb:82 smb:3518 d:- ref:0 ;
in:147 out:149 type:b dur:2 cpbdur:2 q:21.32 aq:19.41 tex:4356 mv:883 misc:369 imb:0 pmb:66 smb:3534 d:- ref:0 ;
in:149 out:150 type:b dur:2 cpbdur:2 q:21.19 aq:17.94 tex:135 mv:123 misc:406 imb:0 pmb:53 smb:3547 d:- ref:0 ;
in:154 out:151 type:P dur:2 cpbdur:2 q:20.92 aq:5.12 tex:37575 mv:1229 misc:1900 imb:7 pmb:432 smb:3161 d:- ref:0 ;
in:152 out:152 type:B dur:2 cpbdur:2 q:21.02 aq:17.51 tex:5898 mv:1005 misc:393 imb:0 pmb:76 smb:3524 d:- ref:0 ;
in:151 out:153 type:b dur:2 cpbdur:2 q:21.07 aq:12.00 tex:111 mv:129 misc:432 imb:0 pmb:49 smb:3551 d:- ref:0 ;
in:153 out:154 type:b dur:2 cpbdur:2 q:20.97 aq:19.29 tex:4687 mv:917 misc:364 imb:0 pmb:74 smb:3526 d:- ref:0 ;
in:158 out:155 type:P dur:2 cpbdur:2 q:20.69 aq:5.26 tex:32710 mv:1194 misc:1776 imb:4 pmb:397 smb:3199 d:- ref:0 ;
in:156 out:156 type:B dur:2 cpbdur:2 q:20.81 aq:16.87 tex:7656 mv:950 misc:386 imb:0 pmb:76 smb:3524 d:- ref:0 ;
in:155 out:157 type:b dur:2 cpbdur:2 q:20.86 aq:12.00 tex:29 mv:79 misc:420 imb:0 pmb:50 smb:3550 d:- ref:0 ;
in:157 out:158 type:b dur:2 cpbdur:2 q:20.75 aq:19.54 tex:4913 mv:849 misc:350 imb:0 pmb:70 smb:3530 d:- ref:0 ;
in:162 out:159 type:P dur:2 cpbdur:2 q:20.46 aq:4.26 tex:49190 mv:1400 misc:2570 imb:7 pmb:680 smb:2913 d:- ref:0 ;
in:160 out:160 type:B dur:2 cpbdur:2 q:20.58 aq:16.30 tex:8442 mv:1187 misc:355 imb:0 pmb:84 smb:3516 d:- ref:0 ;
in:159 out:161 type:b dur:2 cpbdur:2 q:20.64 aq:19.34 tex:5038 mv:796 misc:342 imb:0 pmb:70 smb:3530 d:- ref:0 ;
in:161 out:162 type:b dur:2 cpbdur:2 q:20.52 aq:11.00 tex:26 mv:93 misc:401 imb:0 pmb:51 smb:3549 d:- ref:0 ;
in:166 out:163 type:P dur:2 cpbdur:2 q:20.29 aq:3.48 tex:45043 mv:1299 misc:2442 imb:5 pmb:619 smb:2976 d:- ref:0 ;
in:164 out:164 type:B dur:2 cpbdur:2 q:20.38 aq:17.37 tex:5959 mv:981 misc:372 imb:0 pmb:80 smb:3520 d:- ref:0 ;
in:163 out:165 type:b dur:2 cpbdur:2 q:20.42 aq:11.00 tex:23 mv:94 misc:379 imb:0 pmb:47 smb:3553 d:- ref:0 ;
in:165 out:166 type:b dur:2 cpbdur:2 q:20.33 aq:18.55 tex:5140 mv:875 misc:377 imb:0 pmb:74 smb:3526 d:- ref:0 ;
in:170 out:167 type:P dur:2 cpbdur:2 q:20.21 aq:3.61 tex:41407 mv:1242 misc:2167 imb:8 pmb:519 smb:3073 d:- ref:0 ;
in:168 out:168 type:B dur:2 cpbdur:2 q:20.25 aq:15.83 tex:7924 mv:1085 misc:367 imb:0 pmb:78 smb:3522 d:- ref:0 ;
in:167 out:169 type:b dur:2 cpbdur:2 q:20.27 aq:16.80 tex:76 mv:95 misc:413 imb:0 pmb:50 smb:3550 d:- ref:0 ;
in:169 out:170 type:b dur:2 cpbdur:2 q:20.23 aq:18.68 tex:5001 mv:809 misc:358 imb:0 pmb:72 smb:3528 d:- ref:0 ;
in:174 out:171 type:P dur:2 cpbdur:2 q:20.34 aq:3.46 tex:49628 mv:1339 misc:2449 imb:8 pmb:599 smb:2993 d:- ref:0 ;
in:172 out:172 type:B dur:2 cpbdur:2 q:20.27 aq:16.40 tex:8159 mv:1237 misc:636 imb:0 pmb:116 smb:3484 d:- ref:0 ;
in:171 out:173 type:b dur:2 cpbdur:2 q:20.24 aq:19.02 tex:4778 mv:810 misc:364 imb:0 pmb:68 smb:3532 d:- ref:0 ;
in:173 out:174 type:b dur:2 cpbdur:2 q:20.30 aq:11.06 tex:198 mv:130 misc:608 imb:0 pmb:82 smb:3518 d:- ref:0 ;
in:178 out:175 type:P dur:2 cpbdur:2 q:20.44 aq:3.47 tex:42221 mv:1175 misc:2084 imb:6 pmb:451 smb:3143 d:- ref:0 ;
in:176 out:176 type:B dur:2 cpbdur:2 q:20.39 aq:17.92 tex:6018 mv:1138 misc:644 imb:0 pmb:114 smb:3486 d:- ref:0 ;
in:175 out:177 type:b dur:2 cpbdur:2 q:20.36 aq:11.00 tex:209 mv:139 misc:596 imb:0 pmb:74 smb:3526 d:- ref:0 ;
in:177 out:178 type:b dur:2 cpbdur:2 q:20.41 aq:19.24 tex:4484 mv:811 misc:361 imb:0 pmb:69 smb:3531 d:- ref:0 ;
in:182 out:179 type:P dur:2 cpbdur:2 q:20.55 aq:4.61 tex:36394 mv:1138 misc:1580 imb:3 pmb:330 smb:3267 d:- ref:0 ;
in:180 out:180 type:B dur:2 cpbdur:2 q:20.49 aq:17.38 tex:7321 mv:868 misc:363 imb:0 pmb:73 smb:3527 d:- ref:0 ;
in:179 out:181 type:b dur:2 cpbdur:2 q:20.47 aq:11.00 tex:61 mv:85 misc:422 imb:0 pmb:47 smb:3553 d:- ref:0 ;
in:181 out:182 type:b dur:2 cpbdur:2 q:20.52 aq:19.67 tex:3866 mv:806 misc:344 imb:0 pmb:66 smb:3534 d:- ref:0 ;
in:186 out:183 type:P dur:2 cpbdur:2 q:20.79 aq:5.42 tex:31403 mv:859 misc:1458 imb:4 pmb:286 smb:3310 d:- ref:0 ;
in:184 out:184 type:B dur:2 cpbdur:2 q:20.67 aq:17.09 tex:3127 mv:566 misc:387 imb:0 pmb:60 smb:3540 d:- ref:0 ;
in:183 out:185 type:b dur:2 cpbdur:2 q:20.61 aq:19.50 tex:1995 mv:318 misc:367 imb:0 pmb:58 smb:3542 d:- ref:0 ;
in:185 out:186 type:b dur:2 cpbdur:2 q:20.73 aq:12.00 tex:17 mv:60 misc:291 imb:0 pmb:17 smb:3583 d:- ref:0 ;
in:190 out:187 type:P dur:2 cpbdur:2 q:20.85 aq:4.62 tex:12741 mv:513 misc:1218 imb:1 pmb:206 smb:3393 d:- ref:0 ;
in:188 out:188 type:B dur:2 cpbdur:2 q:20.82 aq:18.45 tex:2765 mv:348 misc:295 imb:0 pmb:30 smb:3570 d:- ref:0 ;
in:187 out:189 type:b dur:2 cpbdur:2 q:20.81 aq:12.00 tex:18 mv:60 misc:298 imb:0 pmb:17 smb:3583 d:- ref:0 ;
in:189 out:190 type:b dur:2 cpbdur:2 q:20.84 aq:19.88 tex:1887 mv:291 misc:286 imb:0 pmb:26 smb:3574 d:- ref:0 ;
in:194 out:191 type:P dur:2 cpbdur:2 q:20.74 aq:4.23 tex:13091 mv:500 misc:1281 imb:1 pmb:228 smb:3371 d:- ref:0 ;
in:192 out:192 type:B dur:2 cpbdur:2 q:20.80 aq:18.29 tex:3635 mv:379 misc:298 imb:0 pmb:33 smb:3567 d:- ref:0 ;
in:191 out:193 type:b dur:2 cpbdur:2 q:20.83 aq:12.00 tex:18 mv:60 misc:306 imb:0 pmb:19 smb:3581 d:- ref:0 ;
in:193 out:194 type:b dur:2 cpbdur:2 q:20.77 aq:19.71 tex:2187 mv:319 misc:278 imb:0 pmb:30 smb:3570 d:- ref:0 ;
in:198 out:195 type:P dur:2 cpbdur:2 q:20.60 aq:4.62 tex:21412 mv:688 misc:1476 imb:1 pmb:294 smb:3305 d:- ref:0 ;
in:196 out:196 type:B dur:2 cpbdur:2 q:20.67 aq:18.01 tex:3223 mv:515 misc:358 imb:0 pmb:44 smb:3556 d:- ref:0 ;
in:195 out:197 type:b dur:2 cpbdur:2 q:20.71 aq:19.82 tex:2053 mv:289 misc:298 imb:0 pmb:28 smb:3572 d:- ref:0 ;
in:197 out:198 type:b dur:2 cpbdur:2 q:20.63 aq:12.00 tex:18 mv:78 misc:336 imb:0 pmb:24 smb:3576 d:- ref:0 ;
in:202 out:199 type:P dur:2 cpbdur:2 q:20.33 aq:4.12 tex:19607 mv:552 misc:1625 imb:4 pmb:316 smb:3280 d:- ref:0 ;
in:200 out:200 type:B dur:2 cpbdur:2 q:20.47 aq:18.87 tex:2784 mv:453 misc:315 imb:0 pmb:37 smb:3563 d:- ref:0 ;
in:199 out:201 type:b dur:2 cpbdur:2 q:20.53 aq:11.00 tex:20 mv:69 misc:311 imb:0 pmb:23 smb:3577 d:- ref:0 ;
in:201 out:202 type:b dur:2 cpbdur:2 q:20.40 aq:19.91 tex:2564 mv:407 misc:293 imb:0 pmb:34 smb:3566 d:- ref:0 ;
in:206 out:203 type:P dur:2 cpbdur:2 q:20.06 aq:2.93 tex:27348 mv:639 misc:2389 imb:1 pmb:563 smb:3036 d:- ref:0 ;
in:204 out:204 type:B dur:2 cpbdur:2 q:20.20 aq:17.57 tex:3461 mv:421 misc:286 imb:0 pmb:33 smb:3567 d:- ref:0 ;
in:203 out:205 type:b dur:2 cpbdur:2 q:20.26 aq:11.00 tex:22 mv:59 misc:295 imb:0 pmb:21 smb:3579 d:- ref:0 ;
in:205 out:206 type:b dur:2 cpbdur:2 q:20.13 aq:20.12 tex:3035 mv:335 misc:286 imb:0 pmb:31 smb:3569 d:- ref:0 ;
in:210 out:207 type:P dur:2 cpbdur:2 q:19.72 aq:2.60 tex:29394 mv:647 misc:2455 imb:3 pmb:563 smb:3034 d:- ref:0 ;
in:208 out:208 type:B dur:2 cpbdur:2 q:19.89 aq:17.61 tex:3171 mv:525 misc:320 imb:0 pmb:38 smb:3562 d:- ref:0 ;
in:207 out:209 type:b dur:2 cpbdur:2 q:19.97 aq:20.00 tex:2689 mv:296 misc:295 imb:0 pmb:31 smb:3569 d:- ref:0 ;
in:209 out:210 type:b dur:2 cpbdur:2 q:19.81 aq:11.00 tex:19 mv:72 misc:317 imb:0 pmb:23 smb:3577 d:- ref:0 ;
in:214 out:211 type:P dur:2 cpbdur:2 q:19.29 aq:2.60 tex:28072 mv:706 misc:2470 imb:4 pmb:567 smb:3029 d:- ref:0 ;
in:212 out:212 type:B dur:2 cpbdur:2 q:19.51 aq:17.19 tex:3505 mv:492 misc:299 imb:0 pmb:38 smb:3562 d:- ref:0 ;
in:211 out:213 type:b dur:2 cpbdur:2 q:19.61 aq:11.00 tex:23 mv:69 misc:300 imb:0 pmb:23 smb:3577 d:- ref:0 ;
in:213 out:214 type:b dur:2 cpbdur:2 q:19.40 aq:18.89 tex:3152 mv:373 misc:291 imb:0 pmb:34 smb:3566 d:- ref:0 ;
in:218 out:215 type:P dur:2 cpbdur:2 q:19.01 aq:1.99 tex:30096 mv:742 misc:2490 imb:5 pmb:603 smb:2992 d:- ref:0 ;
in:216 out:216 type:B dur:2 cpbdur:2 q:19.15 aq:16.56 tex:4001 mv:485 misc:298 imb:0 pmb:37 smb:3563 d:- ref:0 ;
in:215 out:217 type:b dur:2 cpbdur:2 q:19.22 aq:10.00 tex:21 mv:67 misc:296 imb:0 pmb:21 smb:3579 d:- ref:0 ;
in:217 out:218 type:b dur:2 cpbdur:2 q:19.08 aq:18.99 tex:3328 mv:368 misc:280 imb:0 pmb:34 smb:3566 d:- ref:0 ;
in:222 out:219 type:P dur:2 cpbdur:2 q:18.91 aq:1.73 tex:37194 mv:799 misc:2711 imb:2 pmb:742 smb:2856 d:- ref:0 ;
in:220 out:220 type:B dur:2 cpbdur:2 q:18.96 aq:10.61 tex:9495 mv:638 misc:1523 imb:3 pmb:267 smb:3330 d:- ref:0 ;
in:219 out:221 type:b dur:2 cpbdur:2 q:18.98 aq:19.10 tex:3534 mv:489 misc:1153 imb:0 pmb:180 smb:3420 d:- ref:0 ;
in:221 out:222 type:b dur:2 cpbdur:2 q:18.93 aq:10.00 tex:99 mv:218 misc:1179 imb:0 pmb:173 smb:3427 d:- ref:0 ;
in:226 out:223 type:P dur:2 cpbdur:2 q:18.79 aq:1.45 tex:32446 mv:707 misc:2711 imb:2 pmb:724 smb:2874 d:- ref:0 ;
in:224 out:224 type:B dur:2 cpbdur:2 q:18.85 aq:17.24 tex:3464 mv:464 misc:312 imb:0 pmb:39 smb:3561 d:- ref:0 ;
in:223 out:225 type:b dur:2 cpbdur:2 q:18.88 aq:10.00 tex:22 mv:72 misc:298 imb:0 pmb:21 smb:3579 d:- ref:0 ;
in:225 out:226 type:b dur:2 cpbdur:2 q:18.82 aq:18.58 tex:3062 mv:336 misc:290 imb:0 pmb:37 smb:3563 d:- ref:0 ;
in:230 out:227 type:P dur:2 cpbdur:2 q:18.77 aq:1.40 tex:32174 mv:749 misc:2685 imb:4 pmb:720 smb:2876 d:- ref:0 ;
in:228 out:228 type:B dur:2 cpbdur:2 q:18.78 aq:15.30 tex:5349 mv:456 misc:323 imb:0 pmb:43 smb:3557 d:- ref:0 ;
in:227 out:229 type:b dur:2 cpbdur:2 q:18.79 aq:10.00 tex:25 mv:74 misc:333 imb:0 pmb:25 smb:3575 d:- ref:0 ;
in:229 out:230 type:b dur:2 cpbdur:2 q:18.77 aq:17.45 tex:3516 mv:371 misc:313 imb:0 pmb:41 smb:3559 d:- ref:0 ;
in:234 out:231 type:P dur:2 cpbdur:2 q:18.78 aq:1.39 tex:31921 mv:751 misc:2688 imb:2 pmb:708 smb:2890 d:- ref:0 ;
in:232 out:232 type:B dur:2 cpbdur:2 q:18.77 aq:15.85 tex:5477 mv:539 misc:296 imb:0 pmb:45 smb:3555 d:- ref:0 ;
in:231 out:233 type:b dur:2 cpbdur:2 q:18.77 aq:18.57 tex:3414 mv:347 misc:303 imb:0 pmb:39 smb:3561 d:- ref:0 ;
in:233 out:234 type:b dur:2 cpbdur:2 q:18.78 aq:10.00 tex:22 mv:75 misc:311 imb:0 pmb:25 smb:3575 d:- ref:0 ;
in:238 out:235 type:P dur:2 cpbdur:2 q:18.75 aq:1.39 tex:33544 mv:754 misc:2774 imb:3 pmb:770 smb:2827 d:- ref:0 ;
in:236 out:236 type:B dur:2 cpbdur:2 q:18.77 aq:12.87 tex:4582 mv:424 misc:314 imb:0 pmb:44 smb:3556 d:- ref:0 ;
in:235 out:237 type:b dur:2 cpbdur:2 q:18.78 aq:10.00 tex:21 mv:75 misc:320 imb:0 pmb:23 smb:3577 d:- ref:0 ;
in:237 out:238 type:b dur:2 cpbdur:2 q:18.76 aq:17.58 tex:3199 mv:388 misc:293 imb:0 pmb:44 smb:3556 d:- ref:0 ;
in:242 out:239 type:P dur:2 cpbdur:2 q:18.63 aq:1.18 tex:37567 mv:801 misc:2944 imb:3 pmb:882 smb:2715 d:- ref:0 ;
in:240 out:240 type:B dur:2 cpbdur:2 q:18.69 aq:15.62 tex:5499 mv:493 misc:304 imb:0 pmb:47 smb:3553 d:- ref:0 ;
in:239 out:241 type:b dur:2 cpbdur:2 q:18.72 aq:10.00 tex:28 mv:69 misc:327 imb:0 pmb:25 smb:3575 d:- ref:0 ;
in:241 out:242 type:b dur:2 cpbdur:2 q:18.66 aq:17.68 tex:3339 mv:381 misc:312 imb:0 pmb:42 smb:3558 d:- ref:0 ;
in:246 out:243 type:P dur:2 cpbdur:2 q:18.51 aq:1.26 tex:40849 mv:841 misc:2894 imb:4 pmb:879 smb:2717 d:- ref:0 ;
in:244 out:244 type:B dur:2 cpbdur:2 q:18.57 aq:12.48 tex:6534 mv:589 misc:389 imb:0 pmb:58 smb:3542 d:- ref:0 ;
in:243 out:245 type:b dur:2 cpbdur:2 q:18.60 aq:10.45 tex:8030 mv:512 misc:1530 imb:4 pmb:266 smb:3330 d:- ref:0 ;
in:245 out:246 type:b dur:2 cpbdur:2 q:18.54 aq:9.00 tex:32 mv:91 misc:357 imb:0 pmb:31 smb:3569 d:- ref:0 ;
in:249 out:247 type:P dur:2 cpbdur:2 q:18.30 aq:18.22 tex:6147 mv:450 misc:323 imb:0 pmb:49 smb:3551 d:- ref:0 ;
in:247 out:248 type:B dur:2 cpbdur:2 q:18.44 aq:9.00 tex:27 mv:77 misc:328 imb:0 pmb:25 smb:3575 d:- ref:0 ;
in:248 out:249 type:b dur:2 cpbdur:2 q:18.37 aq:17.17 tex:3356 mv:374 misc:302 imb:0 pmb:43 smb:3557 d:- ref:0 ;
in:250 out:250 type:I dur:2 cpbdur:2 q:16.03 aq:0.60 tex:902418 mv:37326 misc:504 imb:3600 pmb:0 smb:0 d:- ref:;
in:254 out:251 type:P dur:2 cpbdur:2 q:22.30 aq:5.62 tex:10268 mv:677 misc:1879 imb:1 pmb:388 smb:3211 d:- ref:0 ;
in:252 out:252 type:B dur:2 cpbdur:2 q:22.30 aq:19.18 tex:3368 mv:443 misc:293 imb:0 pmb:44 smb:3556 d:- ref:0 ;
in:251 out:253 type:b dur:2 cpbdur:2 q:22.30 aq:13.00 tex:15 mv:64 misc:321 imb:0 pmb:23 smb:3577 d:- ref:0 ;
in:253 out:254 type:b dur:2 cpbdur:2 q:22.30 aq:22.13 tex:2103 mv:334 misc:307 imb:0 pmb:40 smb:3560 d:- ref:0 ;
in:258 out:255 type:P dur:2 cpbdur:2 q:22.03 aq:7.58 tex:53853 mv:1715 misc:1272 imb:162 pmb:205 smb:3233 d:- ref:0 ;
in:256 out:256 type:B dur:2 cpbdur:2 q:22.17 aq:12.12 tex:1076 mv:450 misc:570 imb:22 pmb:95 smb:3483 d:- ref:0 ;
in:255 out:257 type:b dur:2 cpbdur:2 q:22.23 aq:12.90 tex:737 mv:493 misc:530 imb:23 pmb:97 smb:3480 d:- ref:0 ;
in:257 out:258 type:b dur:2 cpbdur:2 q:22.10 aq:14.07 tex:733 mv:238 misc:285 imb:8 pmb:39 smb:3553 d:- ref:0 ;
in:262 out:259 type:P dur:2 cpbdur:2 q:21.97 aq:7.51 tex:10911 mv:531 misc:678 imb:32 pmb:85 smb:3483 d:- ref:0 ;
in:260 out:260 type:B dur:2 cpbdur:2 q:22.00 aq:12.63 tex:870 mv:101 misc:317 imb:1 pmb:30 smb:3569 d:- ref:0 ;
in:259 out:261 type:b dur:2 cpbdur:2 q:22.02 aq:14.64 tex:367 mv:39 misc:314 imb:0 pmb:18 smb:3582 d:- ref:0 ;
in:261 out:262 type:b dur:2 cpbdur:2 q:21.99 aq:14.50 tex:402 mv:147 misc:307 imb:0 pmb:33 smb:3567 d:- ref:0 ;
in:266 out:263 type:P dur:2 cpbdur:2 q:21.80 aq:5.39 tex:25134 mv:736 misc:1690 imb:19 pmb:349 smb:3232 d:- ref:0 ;
in:264 out:264 type:B dur:2 cpbdur:2 q:21.89 aq:13.38 tex:841 mv:153 misc:622 imb:0 pmb:76 smb:3524 d:- ref:0 ;
in:263 out:265 type:b dur:2 cpbdur:2 q:21.93 aq:14.63 tex:325 mv:69 misc:302 imb:0 pmb:15 smb:3585 d:- ref:0 ;
in:265 out:266 type:b dur:2 cpbdur:2 q:21.85 aq:14.66 tex:486 mv:92 misc:350 imb:0 pmb:27 smb:3573 d:- ref:0 ;
in:270 out:267 type:P dur:2 cpbdur:2 q:21.80 aq:5.07 tex:17164 mv:561 misc:1507 imb:14 pmb:251 smb:3335 d:- ref:0 ;
in:268 out:268 type:B dur:2 cpbdur:2 q:21.80 aq:13.11 tex:543 mv:111 misc:506 imb:0 pmb:46 smb:3554 d:- ref:0 ;
in:267 out:269 type:b dur:2 cpbdur:2 q:21.80 aq:15.26 tex:149 mv:31 misc:292 imb:0 pmb:10 smb:3590 d:- ref:0 ;
in:269 out:270 type:b dur:2 cpbdur:2 q:21.80 aq:14.37 tex:122 mv:75 misc:283 imb:0 pmb:18 smb:3582 d:- ref:0 ;
in:274 out:271 type:P dur:2 cpbdur:2 q:21.59 aq:6.36 tex:13796 mv:412 misc:648 imb:14 pmb:89 smb:3497 d:- ref:0 ;
in:272 out:272 type:B dur:2 cpbdur:2 q:21.70 aq:13.14 tex:623 mv:21 misc:300 imb:0 pmb:18 smb:3582 d:- ref:0 ;
in:271 out:273 type:b dur:2 cpbdur:2 q:21.75 aq:14.99 tex:114 mv:19 misc:259 imb:0 pmb:5 smb:3595 d:- ref:0 ;
in:273 out:274 type:b dur:2 cpbdur:2 q:21.64 aq:14.71 tex:241 mv:74 misc:285 imb:0 pmb:20 smb:3580 d:- ref:0 ;
in:278 out:275 type:P dur:2 cpbdur:2 q:22.17 aq:8.23 tex:11231 mv:367 misc:490 imb:11 pmb:66 smb:3523 d:- ref:0 ;
in:276 out:276 type:B dur:2 cpbdur:2 q:21.88 aq:13.43 tex:392 mv:19 misc:301 imb:0 pmb:14 smb:3586 d:- ref:0 ;
in:275 out:277 type:b dur:2 cpbdur:2 q:21.74 aq:15.18 tex:135 mv:29 misc:276 imb:0 pmb:8 smb:3592 d:- ref:0 ;
in:277 out:278 type:b dur:2 cpbdur:2 q:22.03 aq:15.23 tex:61 mv:54 misc:285 imb:0 pmb:14 smb:3586 d:- ref:0 ;
in:282 out:279 type:P dur:2 cpbdur:2 q:22.07 aq:7.31 tex:11954 mv:339 misc:539 imb:5 pmb:77 smb:3518 d:- ref:0 ;
in:280 out:280 type:B dur:2 cpbdur:2 q:22.12 aq:13.78 tex:292 mv:21 misc:303 imb:0 pmb:12 smb:3588 d:- ref:0 ;
in:279 out:281 type:b dur:2 cpbdur:2 q:22.15 aq:15.39 tex:102 mv:36 misc:270 imb:0 pmb:8 smb:3592 d:- ref:0 ;
in:281 out:282 type:b dur:2 cpbdur:2 q:22.10 aq:13.00 tex:15 mv:53 misc:268 imb:0 pmb:14 smb:3586 d:- ref:0 ;
in:286 out:283 type:P dur:2 cpbdur:2 q:21.82 aq:6.77 tex:13269 mv:298 misc:513 imb:5 pmb:77 smb:3518 d:- ref:0 ;
in:284 out:284 type:B dur:2 cpbdur:2 q:21.95 aq:13.39 tex:248 mv:20 misc:292 imb:0 pmb:12 smb:3588 d:- ref:0 ;
in:283 out:285 type:b dur:2 cpbdur:2 q:22.01 aq:14.88 tex:86 mv:12 misc:262 imb:0 pmb:5 smb:3595 d:- ref:0 ;
in:285 out:286 type:b dur:2 cpbdur:2 q:21.88 aq:15.08 tex:129 mv:43 misc:284 imb:0 pmb:11 smb:3589 d:- ref:0 ;
in:290 out:287 type:P dur:2 cpbdur:2 q:21.60 aq:5.44 tex:15315 mv:264 misc:877 imb:3 pmb:139 smb:3458 d:- ref:0 ;
in:288 out:288 type:B dur:2 cpbdur:2 q:21.71 aq:13.79 tex:312 mv:55 misc:345 imb:0 pmb:19 smb:3581 d:- ref:0 ;
in:287 out:289 type:b dur:2 cpbdur:2 q:21.76 aq:15.39 tex:49 mv:9 misc:270 imb:0 pmb:4 smb:3596 d:- ref:0 ;
in:289 out:290 type:b dur:2 cpbdur:2 q:21.65 aq:15.08 tex:63 mv:58 misc:263 imb:0 pmb:14 smb:3586 d:- ref:0 ;
in:294 out:291 type:P dur:2 cpbdur:2 q:21.29 aq:6.63 tex:16314 mv:268 misc:722 imb:3 pmb:114 smb:3483 d:- ref:0 ;
in:292 out:292 type:B dur:2 cpbdur:2 q:21.44 aq:13.65 tex:465 mv:35 misc:308 imb:0 pmb:17 smb:3583 d:- ref:0 ;
in:291 out:293 type:b dur:2 cpbdur:2 q:21.52 aq:13.66 tex:38 mv:2 misc:240 imb:0 pmb:1 smb:3599 d:- ref:0 ;
in:293 out:294 type:b dur:2 cpbdur:2 q:21.37 aq:14.73 tex:92 mv:58 misc:274 imb:0 pmb:16 smb:3584 d:- ref:0 ;
in:298 out:295 type:P dur:2 cpbdur:2 q:21.04 aq:6.76 tex:14385 mv:238 misc:673 imb:3 pmb:115 smb:3482 d:- ref:0 ;
in:296 out:296 type:B dur:2 cpbdur:2 q:21.16 aq:13.46 tex:140 mv:11 misc:297 imb:0 pmb:7 smb:3593 d:- ref:0 ;
in:295 out:297 type:b dur:2 cpbdur:2 q:21.23 aq:13.66 tex:42 mv:2 misc:244 imb:0 pmb:1 smb:3599 d:- ref:0 ;
in:297 out:298 type:b dur:2 cpbdur:2 q:21.10 aq:14.02 tex:42 mv:26 misc:268 imb:0 pmb:5 smb:3595 d:- ref:0 ;
in:302 out:299 type:P dur:2 cpbdur:2 q:20.78 aq:6.19 tex:13007 mv:191 misc:522 imb:2 pmb:73 smb:3525 d:- ref:0 ;
in:300 out:300 type:B dur:2 cpbdur:2 q:20.91 aq:13.07 tex:77 mv:8 misc:283 imb:0 pmb:4 smb:3596 d:- ref:0 ;
in:299 out:301 type:b dur:2 cpbdur:2 q:20.97 aq:13.66 tex:38 mv:2 misc:240 imb:0 pmb:1 smb:3599 d:- ref:0 ;
in:301 out:302 type:b dur:2 cpbdur:2 q:20.84 aq:14.87 tex:86 mv:40 misc:266 imb:0 pmb:8 smb:3592 d:- ref:0 ;
in:306 out:303 type:P dur:2 cpbdur:2 q:20.48 aq:6.77 tex:12941 mv:175 misc:516 imb:1 pmb:77 smb:3522 d:- ref:0 ;
in:304 out:304 type:B dur:2 cpbdur:2 q:20.63 aq:12.91 tex:71 mv:6 misc:275 imb:0 pmb:3 smb:3597 d:- ref:0 ;
in:303 out:305 type:b dur:2 cpbdur:2 q:20.70 aq:12.00 tex:0 mv:0 misc:232 imb:0 pmb:0 smb:3600 d:- ref:0 ;
in:305 out:306 type:b dur:2 cpbdur:2 q:20.55 aq:14.27 tex:79 mv:33 misc:264 imb:0 pmb:7 smb:3593 d:- ref:0 ;
in:310 out:307 type:P dur:2 cpbdur:2 q:20.19 aq:5.01 tex:13329 mv:169 misc:614 imb:1 pmb:92 smb:3507 d:- ref:0 ;
in:308 out:308 type:B dur:2 cpbdur:2 q:20.33 aq:12.82 tex:201 mv:13 misc:306 imb:0 pmb:8 smb:3592 d:- ref:0 ;
in:307 out:309 type:b dur:2 cpbdur:2 q:20.40 aq:14.27 tex:25 mv:3 misc:244 imb:0 pmb:1 smb:3599 d:- ref:0 ;
in:309 out:310 type:b dur:2 cpbdur:2 q:20.26 aq:13.67 tex:73 mv:31 misc:272 imb:0 pmb:6 smb:3594 d:- ref:0 ;
in:314 out:311 type:P dur:2 cpbdur:2 q:19.97 aq:3.88 tex:22488 mv:227 misc:1469 imb:0 pmb:290 smb:3310 d:- ref:0 ;
in:312 out:312 type:B dur:2 cpbdur:2 q:20.08 aq:12.56 tex:305 mv:43 misc:332 imb:0 pmb:14 smb:3586 d:- ref:0 ;
in:311 out:313 type:b dur:2 cpbdur:2 q:20.14 aq:12.87 tex:26 mv:2 misc:244 imb:0 pmb:1 smb:3599 d:- ref:0 ;
in:313 out:314 type:b dur:2 cpbdur:2 q:20.02 aq:11.23 tex:155 mv:42 misc:315 imb:0 pmb:11 smb:3589 d:- ref:0 ;
in:318 out:315 type:P dur:2 cpbdur:2 q:19.83 aq:6.12 tex:12961 mv:158 misc:649 imb:1 pmb:104 smb:3495 d:- ref:0 ;
in:316 out:316 type:B dur:2 cpbdur:2 q:19.90 aq:11.64 tex:92 mv:7 misc:277 imb:0 pmb:4 smb:3596 d:- ref:0 ;
in:315 out:317 type:b dur:2 cpbdur:2 q:19.93 aq:13.02 tex:48 mv:5 misc:251 imb:0 pmb:2 smb:3598 d:- ref:0 ;
in:317 out:318 type:b dur:2 cpbdur:2 q:19.87 aq:12.19 tex:68 mv:18 misc:266 imb:0 pmb:4 smb:3596 d:- ref:0 ;
in:322 out:319 type:P dur:2 cpbdur:2 q:19.61 aq:6.30 tex:11858 mv:135 misc:535 imb:0 pmb:83 smb:3517 d:- ref:0 ;
in:320 out:320 type:B dur:2 cpbdur:2 q:19.72 aq:12.49 tex:361 mv:17 misc:310 imb:0 pmb:13 smb:3587 d:- ref:0 ;
in:319 out:321 type:b dur:2 cpbdur:2 q:19.78 aq:12.55 tex:28 mv:2 misc:242 imb:0 pmb:1 smb:3599 d:- ref:0 ;
in:321 out:322 type:b dur:2 cpbdur:2 q:19.67 aq:12.75 tex:77 mv:56 misc:283 imb:0 pmb:14 smb:3586 d:- ref:0 ;
in:326 out:323 type:P dur:2 cpbdur:2 q:19.37 aq:7.07 tex:10134 mv:101 misc:501 imb:0 pmb:80 smb:3520 d:- ref:0 ;
in:324 out:324 type:B dur:2 cpbdur:2 q:19.49 aq:12.24 tex:211 mv:17 misc:292 imb:0 pmb:10 smb:3590 d:- ref:0 ;
in:323 out:325 type:b dur:2 cpbdur:2 q:19.55 aq:11.00 tex:0 mv:0 misc:232 imb:0 pmb:0 smb:3600 d:- ref:0 ;
in:325 out:326 type:b dur:2 cpbdur:2 q:19.43 aq:13.63 tex:79 mv:43 misc:270 imb:0 pmb:9 smb:3591 d:- ref:0 ;
in:330 out:327 type:P dur:2 cpbdur:2 q:19.19 aq:7.53 tex:24943 mv:692 misc:509 imb:14 pmb:83 smb:3503 d:- ref:0 ;
in:328 out:328 type:B dur:2 cpbdur:2 q:19.28 aq:12.86 tex:1272 mv:107 misc:333 imb:0 pmb:36 smb:3564 d:- ref:0 ;
in:327 out:329 type:b dur:2 cpbdur:2 q:19.33 aq:13.41 tex:69 mv:19 misc:272 imb:0 pmb:6 smb:3594 d:- ref:0 ;
in:329 out:330 type:b dur:2 cpbdur:2 q:19.24 aq:14.02 tex:417 mv:98 misc:309 imb:0 pmb:29 smb:3571 d:- ref:0 ;
in:333 out:331 type:P dur:2 cpbdur:2 q:19.10 aq:5.82 tex:49526 mv:1465 misc:585 imb:37 pmb:105 smb:3458 d:- ref:0 ;
in:331 out:332 type:B dur:2 cpbdur:2 q:19.16 aq:13.51 tex:592 mv:145 misc:391 imb:0 pmb:52 smb:3548 d:- ref:0 ;
in:332 out:333 type:b dur:2 cpbdur:2 q:19.13 aq:15.00 tex:17147 mv:1166 misc:383 imb:1 pmb:88 smb:3511 d:- ref:0 ;
in:334 out:334 type:P dur:2 cpbdur:2 q:19.18 aq:5.47 tex:25103 mv:752 misc:585 imb:1 pmb:111 smb:3488 d:- ref:0 ;
in:337 out:335 type:P dur:2 cpbdur:2 q:19.17 aq:3.68 tex:34457 mv:972 misc:1067 imb:1 pmb:220 smb:3379 d:- ref:0 ;
in:335 out:336 type:B dur:2 cpbdur:2 q:19.18 aq:11.81 tex:14139 mv:1044 misc:1313 imb:3 pmb:244 smb:3353 d:- ref:0 ;
in:336 out:337 type:b dur:2 cpbdur:2 q:19.17 aq:14.38 tex:509 mv:294 misc:1029 imb:0 pmb:145 smb:3455 d:- ref:0 ;
in:341 out:338 type:P dur:2 cpbdur:2 q:19.07 aq:5.87 tex:31318 mv:989 misc:541 imb:2 pmb:114 smb:3484 d:- ref:0 ;
in:339 out:339 type:B dur:2 cpbdur:2 q:19.12 aq:14.25 tex:11190 mv:1103 misc:387 imb:0 pmb:75 smb:3525 d:- ref:0 ;
in:338 out:340 type:b dur:2 cpbdur:2 q:19.14 aq:15.58 tex:9897 mv:828 misc:371 imb:0 pmb:71 smb:3529 d:- ref:0 ;
in:340 out:341 type:b dur:2 cpbdur:2 q:19.09 aq:15.23 tex:182 mv:121 misc:401 imb:0 pmb:34 smb:3566 d:- ref:0 ;
in:344 out:342 type:P dur:2 cpbdur:2 q:18.90 aq:5.70 tex:34811 mv:1046 misc:551 imb:2 pmb:121 smb:3477 d:- ref:0 ;
in:342 out:343 type:B dur:2 cpbdur:2 q:19.01 aq:13.84 tex:15507 mv:1103 misc:398 imb:1 pmb:80 smb:3519 d:- ref:0 ;
in:343 out:344 type:b dur:2 cpbdur:2 q:18.96 aq:15.07 tex:844 mv:173 misc:399 imb:0 pmb:52 smb:3548 d:- ref:0 ;
in:346 out:345 type:P dur:2 cpbdur:2 q:18.87 aq:5.72 tex:34681 mv:943 misc:592 imb:4 pmb:121 smb:3475 d:- ref:0 ;
in:345 out:346 type:b dur:2 cpbdur:2 q:18.88 aq:15.72 tex:10918 mv:907 misc:391 imb:0 pmb:78 smb:3522 d:- ref:0 ;
in:349 out:347 type:P dur:2 cpbdur:2 q:18.81 aq:5.96 tex:34209 mv:983 misc:536 imb:2 pmb:111 smb:3487 d:- ref:0 ;
in:347 out:348 type:B dur:2 cpbdur:2 q:18.85 aq:14.72 tex:13592 mv:936 misc:400 imb:0 pmb:73 smb:3527 d:- ref:0 ;
in:348 out:349 type:b dur:2 cpbdur:2 q:18.83 aq:14.45 tex:575 mv:175 misc:410 imb:0 pmb:45 smb:3555 d:- ref:0 ;
in:353 out:350 type:P dur:2 cpbdur:2 q:18.75 aq:7.09 tex:34165 mv:1077 misc:518 imb:3 pmb:112 smb:3485 d:- ref:0 ;
in:351 out:351 type:B dur:2 cpbdur:2 q:18.78 aq:14.90 tex:13335 mv:1148 misc:405 imb:0 pmb:79 smb:3521 d:- ref:0 ;
in:350 out:352 type:b dur:2 cpbdur:2 q:18.79 aq:16.29 tex:10849 mv:898 misc:389 imb:0 pmb:75 smb:3525 d:- ref:0 ;
in:352 out:353 type:b dur:2 cpbdur:2 q:18.77 aq:10.00 tex:23 mv:84 misc:405 imb:0 pmb:32 smb:3568 d:- ref:0 ;
in:355 out:354 type:P dur:2 cpbdur:2 q:18.61 aq:5.68 tex:32364 mv:957 misc:607 imb:2 pmb:120 smb:3478 d:- ref:0 ;
in:354 out:355 type:b dur:2 cpbdur:2 q:18.68 aq:10.00 tex:25 mv:81 misc:406 imb:0 pmb:31 smb:3569 d:- ref:0 ;
in:357 out:356 type:P dur:2 cpbdur:2 q:18.68 aq:6.60 tex:32282 mv:982 misc:568 imb:1 pmb:124 smb:3475 d:- ref:0 ;
in:356 out:357 type:b dur:2 cpbdur:2 q:18.65 aq:16.54 tex:11786 mv:879 misc:391 imb:0 pmb:84 smb:3516 d:- ref:0 ;
in:360 out:358 type:P dur:2 cpbdur:2 q:18.80 aq:3.29 tex:38135 mv:1117 misc:932 imb:2 pmb:204 smb:3394 d:- ref:0 ;
in:358 out:359 type:B dur:2 cpbdur:2 q:18.72 aq:10.95 tex:16083 mv:1299 misc:1498 imb:4 pmb:289 smb:3307 d:- ref:0 ;
in:359 out:360 type:b dur:2 cpbdur:2 q:18.76 aq:10.00 tex:63 mv:177 misc:1208 imb:0 pmb:175 smb:3425 d:- ref:0 ;
in:362 out:361 type:P dur:2 cpbdur:2 q:18.84 aq:5.54 tex:32675 mv:998 misc:655 imb:2 pmb:128 smb:3470 d:- ref:0 ;
in:361 out:362 type:b dur:2 cpbdur:2 q:18.82 aq:16.88 tex:11296 mv:1052 misc:412 imb:0 pmb:86 smb:3514 d:- ref:0 ;
in:365 out:363 type:P dur:2 cpbdur:2 q:18.82 aq:6.32 tex:30480 mv:1070 misc:578 imb:1 pmb:123 smb:3476 d:- ref:0 ;
in:363 out:364 type:B dur:2 cpbdur:2 q:18.83 aq:15.11 tex:12255 mv:1154 misc:431 imb:1 pmb:85 smb:3514 d:- ref:0 ;
in:364 out:365 type:b dur:2 cpbdur:2 q:18.83 aq:10.00 tex:26 mv:80 misc:398 imb:0 pmb:33 smb:3567 d:- ref:0 ;
in:367 out:366 type:P dur:2 cpbdur:2 q:18.84 aq:6.38 tex:33051 mv:1075 misc:594 imb:5 pmb:118 smb:3477 d:- ref:0 ;
in:366 out:367 type:b dur:2 cpbdur:2 q:18.83 aq:12.22 tex:57 mv:85 misc:426 imb:0 pmb:35 smb:3565 d:- ref:0 ;
in:369 out:368 type:P dur:2 cpbdur:2 q:18.94 aq:6.14 tex:34424 mv:1116 misc:588 imb:4 pmb:125 smb:3471 d:- ref:0 ;
in:368 out:369 type:b dur:2 cpbdur:2 q:18.89 aq:17.20 tex:11456 mv:1200 misc:408 imb:0 pmb:87 smb:3513 d:- ref:0 ;
in:372 out:370 type:P dur:2 cpbdur:2 q:19.04 aq:5.93 tex:33859 mv:1105 misc:732 imb:3 pmb:150 smb:3447 d:- ref:0 ;
in:370 out:371 type:B dur:2 cpbdur:2 q:18.97 aq:16.94 tex:10618 mv:1051 misc:435 imb:0 pmb:82 smb:3518 d:- ref:0 ;
in:371 out:372 type:b dur:2 cpbdur:2 q:19.01 aq:12.22 tex:57 mv:89 misc:414 imb:0 pmb:35 smb:3565 d:- ref:0 ;
in:374 out:373 type:P dur:2 cpbdur:2 q:19.06 aq:7.77 tex:33294 mv:1116 misc:590 imb:3 pmb:123 smb:3474 d:- ref:0 ;
in:373 out:374 type:b dur:2 cpbdur:2 q:19.05 aq:17.92 tex:10813 mv:1086 misc:413 imb:0 pmb:87 smb:3513 d:- ref:0 ;
in:377 out:375 type:P dur:2 cpbdur:2 q:19.05 aq:6.35 tex:33308 mv:1145 misc:579 imb:4 pmb:124 smb:3472 d:- ref:0 ;
in:375 out:376 type:B dur:2 cpbdur:2 q:19.06 aq:17.37 tex:10955 mv:1127 misc:438 imb:0 pmb:86 smb:3514 d:- ref:0 ;
in:376 out:377 type:b dur:2 cpbdur:2 q:19.05 aq:10.00 tex:27 mv:83 misc:418 imb:0 pmb:34 smb:3566 d:- ref:0 ;
in:379 out:378 type:P dur:2 cpbdur:2 q:19.10 aq:6.53 tex:36384 mv:1154 misc:598 imb:4 pmb:133 smb:3463 d:- ref:0 ;
in:378 out:379 type:b dur:2 cpbdur:2 q:19.08 aq:10.00 tex:29 mv:83 misc:432 imb:0 pmb:38 smb:3562 d:- ref:0 ;
in:381 out:380 type:P dur:2 cpbdur:2 q:19.20 aq:8.02 tex:34447 mv:1160 misc:569 imb:2 pmb:129 smb:3469 d:- ref:0 ;
in:380 out:381 type:b dur:2 cpbdur:2 q:19.15 aq:18.02 tex:10451 mv:1175 misc:422 imb:1 pmb:90 smb:3509 d:- ref:0 ;
in:385 out:382 type:P dur:2 cpbdur:2 q:19.20 aq:3.63 tex:44758 mv:1410 misc:936 imb:2 pmb:207 smb:3391 d:- ref:0 ;
in:383 out:383 type:B dur:2 cpbdur:2 q:19.20 aq:15.33 tex:18557 mv:1340 misc:455 imb:0 pmb:104 smb:3496 d:- ref:0 ;
in:382 out:384 type:b dur:2 cpbdur:2 q:19.20 aq:18.07 tex:10977 mv:1096 misc:439 imb:0 pmb:91 smb:3509 d:- ref:0 ;
in:384 out:385 type:b dur:2 cpbdur:2 q:19.20 aq:10.00 tex:73 mv:99 misc:452 imb:0 pmb:44 smb:3556 d:- ref:0 ;
in:389 out:386 type:P dur:2 cpbdur:2 q:19.33 aq:6.51 tex:39583 mv:1290 misc:567 imb:5 pmb:129 smb:3466 d:- ref:0 ;
in:387 out:387 type:B dur:2 cpbdur:2 q:19.27 aq:16.68 tex:14248 mv:1428 misc:428 imb:0 pmb:96 smb:3504 d:- ref:0 ;
in:386 out:388 type:b dur:2 cpbdur:2 q:19.24 aq:18.58 tex:12189 mv:1175 misc:412 imb:0 pmb:93 smb:3507 d:- ref:0 ;
in:388 out:389 type:b dur:2 cpbdur:2 q:19.30 aq:10.00 tex:29 mv:87 misc:436 imb:0 pmb:39 smb:3561 d:- ref:0 ;
in:391 out:390 type:P dur:2 cpbdur:2 q:19.31 aq:6.75 tex:39896 mv:1175 misc:569 imb:1 pmb:131 smb:3468 d:- ref:0 ;
in:390 out:391 type:b dur:2 cpbdur:2 q:19.32 aq:10.00 tex:27 mv:90 misc:443 imb:0 pmb:42 smb:3558 d:- ref:0 ;
in:393 out:392 type:P dur:2 cpbdur:2 q:19.40 aq:8.00 tex:38859 mv:1185 misc:572 imb:2 pmb:134 smb:3464 d:- ref:0 ;
in:392 out:393 type:b dur:2 cpbdur:2 q:19.36 aq:18.07 tex:11760 mv:1328 misc:416 imb:0 pmb:90 smb:3510 d:- ref:0 ;
in:397 out:394 type:P dur:2 cpbdur:2 q:19.39 aq:6.95 tex:45095 mv:1294 misc:547 imb:1 pmb:137 smb:3462 d:- ref:0 ;
in:395 out:395 type:B dur:2 cpbdur:2 q:19.40 aq:16.83 tex:16213 mv:1572 misc:439 imb:0 pmb:104 smb:3496 d:- ref:0 ;
in:394 out:396 type:b dur:2 cpbdur:2 q:19.40 aq:19.02 tex:11747 mv:1173 misc:408 imb:0 pmb:89 smb:3511 d:- ref:0 ;
in:396 out:397 type:b dur:2 cpbdur:2 q:19.39 aq:10.00 tex:56 mv:157 misc:435 imb:1 pmb:43 smb:3556 d:- ref:0 ;
in:401 out:398 type:P dur:2 cpbdur:2 q:19.53 aq:7.43 tex:50312 mv:1356 misc:548 imb:5 pmb:140 smb:3455 d:- ref:0 ;
in:399 out:399 type:B dur:2 cpbdur:2 q:19.46 aq:17.88 tex:13260 mv:1486 misc:430 imb:0 pmb:106 smb:3494 d:- ref:0 ;
in:398 out:400 type:b dur:2 cpbdur:2 q:19.43 aq:19.10 tex:11862 mv:1264 misc:426 imb:2 pmb:91 smb:3507 d:- ref:0 ;
in:400 out:401 type:b dur:2 cpbdur:2 q:19.50 aq:10.00 tex:26 mv:91 misc:419 imb:0 pmb:47 smb:3553 d:- ref:0 ;
in:405 out:402 type:P dur:2 cpbdur:2 q:19.58 aq:3.32 tex:39084 mv:867 misc:1825 imb:4 pmb:396 smb:3200 d:- ref:0 ;
in:403 out:403 type:B dur:2 cpbdur:2 q:19.55 aq:16.40 tex:7306 mv:857 misc:637 imb:0 pmb:94 smb:3506 d:- ref:0 ;
in:402 out:404 type:b dur:2 cpbdur:2 q:19.54 aq:10.00 tex:27 mv:89 misc:332 imb:0 pmb:27 smb:3573 d:- ref:0 ;
in:404 out:405 type:b dur:2 cpbdur:2 q:19.57 aq:15.60 tex:4421 mv:633 misc:498 imb:0 pmb:71 smb:3529 d:- ref:0 ;
in:409 out:406 type:P dur:2 cpbdur:2 q:19.67 aq:3.10 tex:28901 mv:770 misc:1609 imb:4 pmb:292 smb:3304 d:- ref:0 ;
in:407 out:407 type:B dur:2 cpbdur:2 q:19.62 aq:18.78 tex:7172 mv:864 misc:612 imb:0 pmb:90 smb:3510 d:- ref:0 ;
in:406 out:408 type:b dur:2 cpbdur:2 q:19.60 aq:15.61 tex:4749 mv:670 misc:485 imb:0 pmb:67 smb:3533 d:- ref:0 ;
in:408 out:409 type:b dur:2 cpbdur:2 q:19.65 aq:11.00 tex:26 mv:76 misc:354 imb:0 pmb:28 smb:3572 d:- ref:0 ;
in:413 out:410 type:P dur:2 cpbdur:2 q:19.67 aq:5.60 tex:17835 mv:656 misc:597 imb:1 pmb:94 smb:3505 d:- ref:0 ;
in:411 out:411 type:B dur:2 cpbdur:2 q:19.67 aq:19.54 tex:5676 mv:709 misc:351 imb:0 pmb:48 smb:3552 d:- ref:0 ;
in:410 out:412 type:b dur:2 cpbdur:2 q:19.67 aq:20.33 tex:4661 mv:587 misc:328 imb:0 pmb:47 smb:3553 d:- ref:0 ;
in:412 out:413 type:b dur:2 cpbdur:2 q:19.67 aq:16.19 tex:46 mv:80 misc:338 imb:0 pmb:31 smb:3569 d:- ref:0 ;
in:417 out:414 type:P dur:2 cpbdur:2 q:19.63 aq:7.47 tex:19699 mv:810 misc:483 imb:2 pmb:82 smb:3516 d:- ref:0 ;
in:415 out:415 type:B dur:2 cpbdur:2 q:19.65 aq:18.44 tex:7818 mv:830 misc:360 imb:0 pmb:62 smb:3538 d:- ref:0 ;
in:414 out:416 type:b dur:2 cpbdur:2 q:19.66 aq:11.00 tex:27 mv:82 misc:363 imb:0 pmb:35 smb:3565 d:- ref:0 ;
in:416 out:417 type:b dur:2 cpbdur:2 q:19.64 aq:20.76 tex:4285 mv:579 misc:344 imb:0 pmb:51 smb:3549 d:- ref:0 ;
in:421 out:418 type:P dur:2 cpbdur:2 q:19.68 aq:6.71 tex:18986 mv:743 misc:535 imb:5 pmb:91 smb:3504 d:- ref:0 ;
in:419 out:419 type:B dur:2 cpbdur:2 q:19.66 aq:18.99 tex:6979 mv:752 misc:357 imb:0 pmb:61 smb:3539 d:- ref:0 ;
in:418 out:420 type:b dur:2 cpbdur:2 q:19.65 aq:21.51 tex:4950 mv:589 misc:341 imb:0 pmb:55 smb:3545 d:- ref:0 ;
in:420 out:421 type:b dur:2 cpbdur:2 q:19.67 aq:11.00 tex:25 mv:85 misc:370 imb:0 pmb:36 smb:3564 d:- ref:0 ;
in:425 out:422 type:P dur:2 cpbdur:2 q:19.66 aq:7.26 tex:19418 mv:723 misc:515 imb:4 pmb:86 smb:3510 d:- ref:0 ;
in:423 out:423 type:B dur:2 cpbdur:2 q:19.67 aq:20.24 tex:5458 mv:757 misc:369 imb:0 pmb:60 smb:3540 d:- ref:0 ;
in:422 out:424 type:b dur:2 cpbdur:2 q:19.68 aq:21.33 tex:5391 mv:557 misc:348 imb:0 pmb:53 smb:3547 d:- ref:0 ;
in:424 out:425 type:b dur:2 cpbdur:2 q:19.66 aq:15.29 tex:47 mv:78 misc:395 imb:0 pmb:34 smb:3566 d:- ref:0 ;
in:429 out:426 type:P dur:2 cpbdur:2 q:19.56 aq:4.83 tex:24108 mv:848 misc:876 imb:3 pmb:159 smb:3438 d:- ref:0 ;
in:427 out:427 type:B dur:2 cpbdur:2 q:19.61 aq:18.08 tex:8078 mv:941 misc:445 imb:0 pmb:73 smb:3527 d:- ref:0 ;
in:426 out:428 type:b dur:2 cpbdur:2 q:19.63 aq:11.00 tex:21 mv:115 misc:360 imb:0 pmb:36 smb:3564 d:- ref:0 ;
in:428 out:429 type:b dur:2 cpbdur:2 q:19.58 aq:17.98 tex:5282 mv:632 misc:350 imb:0 pmb:60 smb:3540 d:- ref:0 ;
in:433 out:430 type:P dur:2 cpbdur:2 q:19.52 aq:10.11 tex:18519 mv:818 misc:535 imb:3 pmb:94 smb:3503 d:- ref:0 ;
in:431 out:431 type:B dur:2 cpbdur:2 q:19.54 aq:19.62 tex:7755 mv:752 misc:349 imb:0 pmb:63 smb:3537 d:- ref:0 ;
in:430 out:432 type:b dur:2 cpbdur:2 q:19.55 aq:21.97 tex:4915 mv:539 misc:354 imb:0 pmb:56 smb:3544 d:- ref:0 ;
in:432 out:433 type:b dur:2 cpbdur:2 q:19.53 aq:10.00 tex:29 mv:88 misc:371 imb:0 pmb:37 smb:3563 d:- ref:0 ;
in:437 out:434 type:P dur:2 cpbdur:2 q:19.38 aq:10.07 tex:17184 mv:837 misc:539 imb:1 pmb:98 smb:3501 d:- ref:0 ;
in:435 out:435 type:B dur:2 cpbdur:2 q:19.45 aq:20.40 tex:6490 mv:734 misc:368 imb:0 pmb:66 smb:3534 d:- ref:0 ;
in:434 out:436 type:b dur:2 cpbdur:2 q:19.49 aq:21.22 tex:5668 mv:630 misc:350 imb:0 pmb:57 smb:3543 d:- ref:0 ;
in:436 out:437 type:b dur:2 cpbdur:2 q:19.42 aq:13.89 tex:51 mv:93 misc:360 imb:0 pmb:40 smb:3560 d:- ref:0 ;
in:441 out:438 type:P dur:2 cpbdur:2 q:19.24 aq:8.52 tex:17229 mv:855 misc:540 imb:3 pmb:100 smb:3497 d:- ref:0 ;
in:439 out:439 type:B dur:2 cpbdur:2 q:19.31 aq:18.09 tex:8701 mv:991 misc:372 imb:1 pmb:66 smb:3533 d:- ref:0 ;
in:438 out:440 type:b dur:2 cpbdur:2 q:19.35 aq:10.00 tex:27 mv:91 misc:378 imb:0 pmb:42 smb:3558 d:- ref:0 ;
in:440 out:441 type:b dur:2 cpbdur:2 q:19.28 aq:18.77 tex:4931 mv:632 misc:365 imb:0 pmb:56 smb:3544 d:- ref:0 ;
in:445 out:442 type:P dur:2 cpbdur:2 q:19.16 aq:8.73 tex:15233 mv:810 misc:557 imb:3 pmb:99 smb:3498 d:- ref:0 ;
in:443 out:443 type:B dur:2 cpbdur:2 q:19.20 aq:19.41 tex:9804 mv:853 misc:391 imb:0 pmb:70 smb:3530 d:- ref:0 ;
in:442 out:444 type:b dur:2 cpbdur:2 q:19.22 aq:22.29 tex:4742 mv:661 misc:365 imb:0 pmb:61 smb:3539 d:- ref:0 ;
in:444 out:445 type:b dur:2 cpbdur:2 q:19.18 aq:10.00 tex:29 mv:92 misc:399 imb:0 pmb:44 smb:3556 d:- ref:0 ;
in:449 out:446 type:P dur:2 cpbdur:2 q:19.04 aq:3.02 tex:77328 mv:1303 misc:609 imb:150 pmb:55 smb:3395 d:- ref:0 ;
in:447 out:447 type:B dur:2 cpbdur:2 q:19.10 aq:8.00 tex:94 mv:105 misc:553 imb:0 pmb:80 smb:3520 d:- ref:0 ;
in:446 out:448 type:b dur:2 cpbdur:2 q:19.13 aq:21.39 tex:7892 mv:512 misc:516 imb:2 pmb:101 smb:3497 d:- ref:0 ;
in:448 out:449 type:b dur:2 cpbdur:2 q:19.07 aq:10.00 tex:38 mv:2 misc:240 imb:0 pmb:1 smb:3599 d:- ref:0 ;
in:453 out:450 type:P dur:2 cpbdur:2 q:19.19 aq:2.22 tex:19060 mv:259 misc:1121 imb:3 pmb:224 smb:3373 d:- ref:0 ;
in:451 out:451 type:B dur:2 cpbdur:2 q:19.12 aq:8.80 tex:165 mv:102 misc:469 imb:0 pmb:35 smb:3565 d:- ref:0 ;
in:450 out:452 type:b dur:2 cpbdur:2 q:19.08 aq:10.15 tex:3329 mv:209 misc:1326 imb:3 pmb:200 smb:3397 d:- ref:0 ;
in:452 out:453 type:b dur:2 cpbdur:2 q:19.15 aq:10.00 tex:9 mv:24 misc:271 imb:0 pmb:4 smb:3596 d:- ref:0 ;
in:457 out:454 type:P dur:2 cpbdur:2 q:19.09 aq:1.52 tex:2867 mv:113 misc:716 imb:0 pmb:77 smb:3523 d:- ref:0 ;
in:455 out:455 type:B dur:2 cpbdur:2 q:19.14 aq:8.00 tex:0 mv:0 misc:248 imb:0 pmb:0 smb:3600 d:- ref:0 ;
in:454 out:456 type:b dur:2 cpbdur:2 q:19.17 aq:10.00 tex:0 mv:0 misc:232 imb:0 pmb:0 smb:3600 d:- ref:0 ;
in:456 out:457 type:b dur:2 cpbdur:2 q:19.12 aq:10.00 tex:0 mv:0 misc:232 imb:0 pmb:0 smb:3600 d:- ref:0 ;
in:461 out:458 type:P dur:2 cpbdur:2 q:18.93 aq:1.63 tex:1002 mv:81 misc:501 imb:0 pmb:33 smb:3567 d:- ref:0 ;
in:459 out:459 type:B dur:2 cpbdur:2 q:19.01 aq:8.00 tex:0 mv:0 misc:248 imb:0 pmb:0 smb:3600 d:- ref:0 ;
in:458 out:460 type:b dur:2 cpbdur:2 q:19.05 aq:10.00 tex:0 mv:0 misc:232 imb:0 pmb:0 smb:3600 d:- ref:0 ;
in:460 out:461 type:b dur:2 cpbdur:2 q:18.97 aq:10.00 tex:0 mv:0 misc:232 imb:0 pmb:0 smb:3600 d:- ref:0 ;
in:465 out:462 type:P dur:2 cpbdur:2 q:18.74 aq:1.56 tex:1032 mv:96 misc:496 imb:1 pmb:31 smb:3568 d:- ref:0 ;
in:463 out:463 type:B dur:2 cpbdur:2 q:18.83 aq:8.00 tex:0 mv:0 misc:248 imb:0 pmb:0 smb:3600 d:- ref:0 ;
in:462 out:464 type:b dur:2 cpbdur:2 q:18.88 aq:10.00 tex:0 mv:0 misc:232 imb:0 pmb:0 smb:3600 d:- ref:0 ;
in:464 out:465 type:b dur:2 cpbdur:2 q:18.79 aq:10.00 tex:0 mv:0 misc:232 imb:0 pmb:0 smb:3600 d:- ref:0 ;
in:469 out:466 type:P dur:2 cpbdur:2 q:18.60 aq:2.13 tex:912 mv:74 misc:486 imb:0 pmb:31 smb:3569 d:- ref:0 ;
in:467 out:467 type:B dur:2 cpbdur:2 q:18.67 aq:8.00 tex:0 mv:0 misc:248 imb:0 pmb:0 smb:3600 d:- ref:0 ;
in:466 out:468 type:b dur:2 cpbdur:2 q:18.71 aq:10.00 tex:0 mv:0 misc:232 imb:0 pmb:0 smb:3600 d:- ref:0 ;
in:468 out:469 type:b dur:2 cpbdur:2 q:18.64 aq:10.00 tex:0 mv:0 misc:232 imb:0 pmb:0 smb:3600 d:- ref:0 ;
in:473 out:470 type:P dur:2 cpbdur:2 q:18.47 aq:2.11 tex:646 mv:68 misc:446 imb:0 pmb:24 smb:3576 d:- ref:0 ;
in:471 out:471 type:B dur:2 cpbdur:2 q:18.54 aq:8.00 tex:0 mv:0 misc:248 imb:0 pmb:0 smb:3600 d:- ref:0 ;
in:470 out:472 type:b dur:2 cpbdur:2 q:18.57 aq:10.00 tex:0 mv:0 misc:232 imb:0 pmb:0 smb:3600 d:- ref:0 ;
in:472 out:473 type:b dur:2 cpbdur:2 q:18.50 aq:9.00 tex:0 mv:0 misc:232 imb:0 pmb:0 smb:3600 d:- ref:0 ;
in:477 out:474 type:P dur:2 cpbdur:2 q:18.19 aq:2.29 tex:4262 mv:107 misc:807 imb:0 pmb:89 smb:3511 d:- ref:0 ;
in:475 out:475 type:B dur:2 cpbdur:2 q:18.33 aq:7.00 tex:30 mv:30 misc:308 imb:0 pmb:6 smb:3594 d:- ref:0 ;
in:474 out:476 type:b dur:2 cpbdur:2 q:18.40 aq:9.00 tex:57 mv:11 misc:260 imb:0 pmb:3 smb:3597 d:- ref:0 ;
in:476 out:477 type:b dur:2 cpbdur:2 q:18.26 aq:9.00 tex:0 mv:0 misc:232 imb:0 pmb:0 smb:3600 d:- ref:0 ;
in:481 out:478 type:P dur:2 cpbdur:2 q:17.94 aq:6.36 tex:686 mv:70 misc:452 imb:0 pmb:26 smb:3574 d:- ref:0 ;
in:479 out:479 type:B dur:2 cpbdur:2 q:18.07 aq:7.00 tex:17 mv:2 misc:261 imb:0 pmb:1 smb:3599 d:- ref:0 ;
in:478 out:480 type:b dur:2 cpbdur:2 q:18.13 aq:9.00 tex:0 mv:0 misc:232 imb:0 pmb:0 smb:3600 d:- ref:0 ;
in:480 out:481 type:b dur:2 cpbdur:2 q:18.00 aq:9.00 tex:0 mv:0 misc:232 imb:0 pmb:0 smb:3600 d:- ref:0 ;
in:485 out:482 type:P dur:2 cpbdur:2 q:17.66 aq:7.52 tex:220 mv:44 misc:352 imb:0 pmb:11 smb:3589 d:- ref:0 ;
in:483 out:483 type:B dur:2 cpbdur:2 q:17.80 aq:10.84 tex:56 mv:5 misc:283 imb:0 pmb:3 smb:3597 d:- ref:0 ;
in:482 out:484 type:b dur:2 cpbdur:2 q:17.87 aq:9.00 tex:0 mv:0 misc:232 imb:0 pmb:0 smb:3600 d:- ref:0 ;
in:484 out:485 type:b dur:2 cpbdur:2 q:17.73 aq:9.00 tex:0 mv:0 misc:232 imb:0 pmb:0 smb:3600 d:- ref:0 ;
in:489 out:486 type:P dur:2 cpbdur:2 q:17.37 aq:7.30 tex:78 mv:17 misc:305 imb:0 pmb:3 smb:3597 d:- ref:0 ;
in:487 out:487 type:B dur:2 cpbdur:2 q:17.51 aq:5.97 tex:44 mv:4 misc:272 imb:0 pmb:2 smb:3598 d:- ref:0 ;
in:486 out:488 type:b dur:2 cpbdur:2 q:17.58 aq:8.00 tex:0 mv:0 misc:232 imb:0 pmb:0 smb:3600 d:- ref:0 ;
in:488 out:489 type:b dur:2 cpbdur:2 q:17.44 aq:8.00 tex:0 mv:0 misc:232 imb:0 pmb:0 smb:3600 d:- ref:0 ;
in:493 out:490 type:P dur:2 cpbdur:2 q:17.07 aq:6.00 tex:39 mv:11 misc:294 imb:0 pmb:2 smb:3598 d:- ref:0 ;
in:491 out:491 type:B dur:2 cpbdur:2 q:17.22 aq:6.00 tex:39 mv:3 misc:270 imb:0 pmb:2 smb:3598 d:- ref:0 ;
in:490 out:492 type:b dur:2 cpbdur:2 q:17.29 aq:8.00 tex:0 mv:0 misc:232 imb:0 pmb:0 smb:3600 d:- ref:0 ;
in:492 out:493 type:b dur:2 cpbdur:2 q:17.14 aq:8.00 tex:0 mv:0 misc:232 imb:0 pmb:0 smb:3600 d:- ref:0 ;
in:494 out:494 type:P dur:2 cpbdur:2 q:16.73 aq:8.00 tex:0 mv:0 misc:264 imb:0 pmb:0 smb:3600 d:- ref:0 ;
